// Jest Snapshot v1, https://goo.gl/fbAQLP

exports[`Message endpoint returns an error message if creating message with blank message 1`] = `
Object {
  "message": "Chat message must be a non-empty string.",
}
`;
